Archive member included to satisfy reference by file (symbol)

d:/st/stm32cubeide_1.7.0/stm32cubeide/plugins/com.st.stm32cube.ide.mcu.externaltools.gnu-tools-for-stm32.9-2020-q2-update.win32_2.0.0.202105311346/tools/bin/../lib/gcc/arm-none-eabi/9.3.1/../../../../arm-none-eabi/lib/thumb/v7-m/nofp\libc_nano.a(lib_a-errno.o)
                              ./Core/Src/syscalls.o (__errno)
d:/st/stm32cubeide_1.7.0/stm32cubeide/plugins/com.st.stm32cube.ide.mcu.externaltools.gnu-tools-for-stm32.9-2020-q2-update.win32_2.0.0.202105311346/tools/bin/../lib/gcc/arm-none-eabi/9.3.1/../../../../arm-none-eabi/lib/thumb/v7-m/nofp\libc_nano.a(lib_a-exit.o)
                              d:/st/stm32cubeide_1.7.0/stm32cubeide/plugins/com.st.stm32cube.ide.mcu.externaltools.gnu-tools-for-stm32.9-2020-q2-update.win32_2.0.0.202105311346/tools/bin/../lib/gcc/arm-none-eabi/9.3.1/../../../../arm-none-eabi/lib/thumb/v7-m/nofp/crt0.o (exit)
d:/st/stm32cubeide_1.7.0/stm32cubeide/plugins/com.st.stm32cube.ide.mcu.externaltools.gnu-tools-for-stm32.9-2020-q2-update.win32_2.0.0.202105311346/tools/bin/../lib/gcc/arm-none-eabi/9.3.1/../../../../arm-none-eabi/lib/thumb/v7-m/nofp\libc_nano.a(lib_a-impure.o)
                              d:/st/stm32cubeide_1.7.0/stm32cubeide/plugins/com.st.stm32cube.ide.mcu.externaltools.gnu-tools-for-stm32.9-2020-q2-update.win32_2.0.0.202105311346/tools/bin/../lib/gcc/arm-none-eabi/9.3.1/../../../../arm-none-eabi/lib/thumb/v7-m/nofp\libc_nano.a(lib_a-exit.o) (_global_impure_ptr)
d:/st/stm32cubeide_1.7.0/stm32cubeide/plugins/com.st.stm32cube.ide.mcu.externaltools.gnu-tools-for-stm32.9-2020-q2-update.win32_2.0.0.202105311346/tools/bin/../lib/gcc/arm-none-eabi/9.3.1/../../../../arm-none-eabi/lib/thumb/v7-m/nofp\libc_nano.a(lib_a-init.o)
                              d:/st/stm32cubeide_1.7.0/stm32cubeide/plugins/com.st.stm32cube.ide.mcu.externaltools.gnu-tools-for-stm32.9-2020-q2-update.win32_2.0.0.202105311346/tools/bin/../lib/gcc/arm-none-eabi/9.3.1/../../../../arm-none-eabi/lib/thumb/v7-m/nofp/crt0.o (__libc_init_array)
d:/st/stm32cubeide_1.7.0/stm32cubeide/plugins/com.st.stm32cube.ide.mcu.externaltools.gnu-tools-for-stm32.9-2020-q2-update.win32_2.0.0.202105311346/tools/bin/../lib/gcc/arm-none-eabi/9.3.1/../../../../arm-none-eabi/lib/thumb/v7-m/nofp\libc_nano.a(lib_a-memset.o)
                              d:/st/stm32cubeide_1.7.0/stm32cubeide/plugins/com.st.stm32cube.ide.mcu.externaltools.gnu-tools-for-stm32.9-2020-q2-update.win32_2.0.0.202105311346/tools/bin/../lib/gcc/arm-none-eabi/9.3.1/../../../../arm-none-eabi/lib/thumb/v7-m/nofp/crt0.o (memset)

Allocating common symbols
Common symbol       size              file

uwTick              0x4               ./Drivers/STM32F1xx_HAL_Driver/Src/stm32f1xx_hal.o
pFlash              0x20              ./Drivers/STM32F1xx_HAL_Driver/Src/stm32f1xx_hal_flash.o
led_buffer          0x10              ./Core/Src/led_7seg_display.o
htim2               0x48              ./Core/Src/main.o

Discarded input sections

 .text          0x0000000000000000        0x0 d:/st/stm32cubeide_1.7.0/stm32cubeide/plugins/com.st.stm32cube.ide.mcu.externaltools.gnu-tools-for-stm32.9-2020-q2-update.win32_2.0.0.202105311346/tools/bin/../lib/gcc/arm-none-eabi/9.3.1/thumb/v7-m/nofp/crti.o
 .data          0x0000000000000000        0x0 d:/st/stm32cubeide_1.7.0/stm32cubeide/plugins/com.st.stm32cube.ide.mcu.externaltools.gnu-tools-for-stm32.9-2020-q2-update.win32_2.0.0.202105311346/tools/bin/../lib/gcc/arm-none-eabi/9.3.1/thumb/v7-m/nofp/crti.o
 .bss           0x0000000000000000        0x0 d:/st/stm32cubeide_1.7.0/stm32cubeide/plugins/com.st.stm32cube.ide.mcu.externaltools.gnu-tools-for-stm32.9-2020-q2-update.win32_2.0.0.202105311346/tools/bin/../lib/gcc/arm-none-eabi/9.3.1/thumb/v7-m/nofp/crti.o
 .data          0x0000000000000000        0x4 d:/st/stm32cubeide_1.7.0/stm32cubeide/plugins/com.st.stm32cube.ide.mcu.externaltools.gnu-tools-for-stm32.9-2020-q2-update.win32_2.0.0.202105311346/tools/bin/../lib/gcc/arm-none-eabi/9.3.1/thumb/v7-m/nofp/crtbegin.o
 .text          0x0000000000000000       0x7c d:/st/stm32cubeide_1.7.0/stm32cubeide/plugins/com.st.stm32cube.ide.mcu.externaltools.gnu-tools-for-stm32.9-2020-q2-update.win32_2.0.0.202105311346/tools/bin/../lib/gcc/arm-none-eabi/9.3.1/../../../../arm-none-eabi/lib/thumb/v7-m/nofp/crt0.o
 .data          0x0000000000000000        0x0 d:/st/stm32cubeide_1.7.0/stm32cubeide/plugins/com.st.stm32cube.ide.mcu.externaltools.gnu-tools-for-stm32.9-2020-q2-update.win32_2.0.0.202105311346/tools/bin/../lib/gcc/arm-none-eabi/9.3.1/../../../../arm-none-eabi/lib/thumb/v7-m/nofp/crt0.o
 .bss           0x0000000000000000        0x0 d:/st/stm32cubeide_1.7.0/stm32cubeide/plugins/com.st.stm32cube.ide.mcu.externaltools.gnu-tools-for-stm32.9-2020-q2-update.win32_2.0.0.202105311346/tools/bin/../lib/gcc/arm-none-eabi/9.3.1/../../../../arm-none-eabi/lib/thumb/v7-m/nofp/crt0.o
[...]
Memory Configuration

Name             Origin             Length             Attributes
RAM              0x0000000020000000 0x0000000000002800 xrw
FLASH            0x0000000008000000 0x0000000000008000 xr
*default*        0x0000000000000000 0xffffffffffffffff

Linker script and memory map

LOAD d:/st/stm32cubeide_1.7.0/stm32cubeide/plugins/com.st.stm32cube.ide.mcu.externaltools.gnu-tools-for-stm32.9-2020-q2-update.win32_2.0.0.202105311346/tools/bin/../lib/gcc/arm-none-eabi/9.3.1/thumb/v7-m/nofp/crti.o
LOAD d:/st/stm32cubeide_1.7.0/stm32cubeide/plugins/com.st.stm32cube.ide.mcu.externaltools.gnu-tools-for-stm32.9-2020-q2-update.win32_2.0.0.202105311346/tools/bin/../lib/gcc/arm-none-eabi/9.3.1/thumb/v7-m/nofp/crtbegin.o
LOAD d:/st/stm32cubeide_1.7.0/stm32cubeide/plugins/com.st.stm32cube.ide.mcu.externaltools.gnu-tools-for-stm32.9-2020-q2-update.win32_2.0.0.202105311346/tools/bin/../lib/gcc/arm-none-eabi/9.3.1/../../../../arm-none-eabi/lib/thumb/v7-m/nofp/crt0.o
LOAD ./Core/Src/button.o
LOAD ./Core/Src/fsm_automatic.o
LOAD ./Core/Src/fsm_manual.o
LOAD ./Core/Src/input_processing.o
LOAD ./Core/Src/input_reading.o
LOAD ./Core/Src/led_7seg_display.o
LOAD ./Core/Src/main.o
LOAD ./Core/Src/software_timer.o
LOAD ./Core/Src/stm32f1xx_hal_msp.o
LOAD ./Core/Src/stm32f1xx_it.o
LOAD ./Core/Src/syscalls.o
LOAD ./Core/Src/sysmem.o
LOAD ./Core/Src/system_stm32f1xx.o
LOAD ./Core/Src/traffic_light.o
LOAD ./Core/Startup/startup_stm32f103c6ux.o
LOAD ./Drivers/STM32F1xx_HAL_Driver/Src/stm32f1xx_hal.o
LOAD ./Drivers/STM32F1xx_HAL_Driver/Src/stm32f1xx_hal_cortex.o
LOAD ./Drivers/STM32F1xx_HAL_Driver/Src/stm32f1xx_hal_dma.o
LOAD ./Drivers/STM32F1xx_HAL_Driver/Src/stm32f1xx_hal_exti.o
LOAD ./Drivers/STM32F1xx_HAL_Driver/Src/stm32f1xx_hal_flash.o
LOAD ./Drivers/STM32F1xx_HAL_Driver/Src/stm32f1xx_hal_flash_ex.o
LOAD ./Drivers/STM32F1xx_HAL_Driver/Src/stm32f1xx_hal_gpio.o
LOAD ./Drivers/STM32F1xx_HAL_Driver/Src/stm32f1xx_hal_gpio_ex.o
LOAD ./Drivers/STM32F1xx_HAL_Driver/Src/stm32f1xx_hal_pwr.o
LOAD ./Drivers/STM32F1xx_HAL_Driver/Src/stm32f1xx_hal_rcc.o
LOAD ./Drivers/STM32F1xx_HAL_Driver/Src/stm32f1xx_hal_rcc_ex.o
LOAD ./Drivers/STM32F1xx_HAL_Driver/Src/stm32f1xx_hal_tim.o
LOAD ./Drivers/STM32F1xx_HAL_Driver/Src/stm32f1xx_hal_tim_ex.o
START GROUP
LOAD d:/st/stm32cubeide_1.7.0/stm32cubeide/plugins/com.st.stm32cube.ide.mcu.externaltools.gnu-tools-for-stm32.9-2020-q2-update.win32_2.0.0.202105311346/tools/bin/../lib/gcc/arm-none-eabi/9.3.1/../../../../arm-none-eabi/lib/thumb/v7-m/nofp\libc_nano.a
LOAD d:/st/stm32cubeide_1.7.0/stm32cubeide/plugins/com.st.stm32cube.ide.mcu.externaltools.gnu-tools-for-stm32.9-2020-q2-update.win32_2.0.0.202105311346/tools/bin/../lib/gcc/arm-none-eabi/9.3.1/../../../../arm-none-eabi/lib/thumb/v7-m/nofp\libm.a
END GROUP
START GROUP
LOAD d:/st/stm32cubeide_1.7.0/stm32cubeide/plugins/com.st.stm32cube.ide.mcu.externaltools.gnu-tools-for-stm32.9-2020-q2-update.win32_2.0.0.202105311346/tools/bin/../lib/gcc/arm-none-eabi/9.3.1/thumb/v7-m/nofp\libgcc.a
LOAD d:/st/stm32cubeide_1.7.0/stm32cubeide/plugins/com.st.stm32cube.ide.mcu.externaltools.gnu-tools-for-stm32.9-2020-q2-update.win32_2.0.0.202105311346/tools/bin/../lib/gcc/arm-none-eabi/9.3.1/../../../../arm-none-eabi/lib/thumb/v7-m/nofp\libc_nano.a
END GROUP
START GROUP
LOAD d:/st/stm32cubeide_1.7.0/stm32cubeide/plugins/com.st.stm32cube.ide.mcu.externaltools.gnu-tools-for-stm32.9-2020-q2-update.win32_2.0.0.202105311346/tools/bin/../lib/gcc/arm-none-eabi/9.3.1/thumb/v7-m/nofp\libgcc.a
LOAD d:/st/stm32cubeide_1.7.0/stm32cubeide/plugins/com.st.stm32cube.ide.mcu.externaltools.gnu-tools-for-stm32.9-2020-q2-update.win32_2.0.0.202105311346/tools/bin/../lib/gcc/arm-none-eabi/9.3.1/../../../../arm-none-eabi/lib/thumb/v7-m/nofp\libc_nano.a
LOAD d:/st/stm32cubeide_1.7.0/stm32cubeide/plugins/com.st.stm32cube.ide.mcu.externaltools.gnu-tools-for-stm32.9-2020-q2-update.win32_2.0.0.202105311346/tools/bin/../lib/gcc/arm-none-eabi/9.3.1/../../../../arm-none-eabi/lib/thumb/v7-m/nofp\libnosys.a
END GROUP
START GROUP
LOAD d:/st/stm32cubeide_1.7.0/stm32cubeide/plugins/com.st.stm32cube.ide.mcu.externaltools.gnu-tools-for-stm32.9-2020-q2-update.win32_2.0.0.202105311346/tools/bin/../lib/gcc/arm-none-eabi/9.3.1/thumb/v7-m/nofp\libgcc.a
LOAD d:/st/stm32cubeide_1.7.0/stm32cubeide/plugins/com.st.stm32cube.ide.mcu.externaltools.gnu-tools-for-stm32.9-2020-q2-update.win32_2.0.0.202105311346/tools/bin/../lib/gcc/arm-none-eabi/9.3.1/../../../../arm-none-eabi/lib/thumb/v7-m/nofp\libc_nano.a
LOAD d:/st/stm32cubeide_1.7.0/stm32cubeide/plugins/com.st.stm32cube.ide.mcu.externaltools.gnu-tools-for-stm32.9-2020-q2-update.win32_2.0.0.202105311346/tools/bin/../lib/gcc/arm-none-eabi/9.3.1/../../../../arm-none-eabi/lib/thumb/v7-m/nofp\libnosys.a
END GROUP
LOAD d:/st/stm32cubeide_1.7.0/stm32cubeide/plugins/com.st.stm32cube.ide.mcu.externaltools.gnu-tools-for-stm32.9-2020-q2-update.win32_2.0.0.202105311346/tools/bin/../lib/gcc/arm-none-eabi/9.3.1/thumb/v7-m/nofp/crtend.o
LOAD d:/st/stm32cubeide_1.7.0/stm32cubeide/plugins/com.st.stm32cube.ide.mcu.externaltools.gnu-tools-for-stm32.9-2020-q2-update.win32_2.0.0.202105311346/tools/bin/../lib/gcc/arm-none-eabi/9.3.1/thumb/v7-m/nofp/crtn.o
                0x0000000020002800                _estack = (ORIGIN (RAM) + LENGTH (RAM))
                0x0000000000000200                _Min_Heap_Size = 0x200
                0x0000000000000400                _Min_Stack_Size = 0x400

.isr_vector     0x0000000008000000      0x10c
                0x0000000008000000                . = ALIGN (0x4)
 *(.isr_vector)
 .isr_vector    0x0000000008000000      0x10c ./Core/Startup/startup_stm32f103c6ux.o
                0x0000000008000000                g_pfnVectors
                0x000000000800010c                . = ALIGN (0x4)

.text           0x000000000800010c     0x22ec
                0x000000000800010c                . = ALIGN (0x4)
 *(.text)
 .text          0x000000000800010c       0x40 d:/st/stm32cubeide_1.7.0/stm32cubeide/plugins/com.st.stm32cube.ide.mcu.externaltools.gnu-tools-for-stm32.9-2020-q2-update.win32_2.0.0.202105311346/tools/bin/../lib/gcc/arm-none-eabi/9.3.1/thumb/v7-m/nofp/crtbegin.o
 *(.text*)
 .text.isButton1Pressed
                0x000000000800014c       0x24 ./Core/Src/button.o
                0x000000000800014c                isButton1Pressed
 .text.subKeyProcess
                0x0000000008000170       0x18 ./Core/Src/button.o
                0x0000000008000170                subKeyProcess
 .text.getKeyInput
                0x0000000008000188       0xa0 ./Core/Src/button.o
                0x0000000008000188                getKeyInput
 .text.led_on   0x0000000008000228       0x48 ./Core/Src/fsm_automatic.o
                0x0000000008000228                led_on
 .text.fsm_automatic_run
                0x0000000008000270       0xe4 ./Core/Src/fsm_automatic.o
                0x0000000008000270                fsm_automatic_run
 .text.fsm_manual_run
                0x0000000008000354      0x130 ./Core/Src/fsm_manual.o
                0x0000000008000354                fsm_manual_run
 .text.button_reading
                0x0000000008000484       0xd8 ./Core/Src/input_reading.o
                0x0000000008000484                button_reading
 .text.LED_7SEG_MODE
                0x000000000800055c       0x7c ./Core/Src/led_7seg_display.o
                0x000000000800055c                LED_7SEG_MODE
 .text.display7SEG
                0x00000000080005d8      0x14c ./Core/Src/led_7seg_display.o
                0x00000000080005d8                display7SEG
 .text.update_7SEG_mode
                0x0000000008000724      0x118 ./Core/Src/led_7seg_display.o
                0x0000000008000724                update_7SEG_mode
 .text.main     0x000000000800083c       0x28 ./Core/Src/main.o
                0x000000000800083c                main
 .text.SystemClock_Config
                0x0000000008000864       0x76 ./Core/Src/main.o
                0x0000000008000864                SystemClock_Config
 *fill*         0x00000000080008da        0x2 
 .text.MX_TIM2_Init
                0x00000000080008dc       0x98 ./Core/Src/main.o
 .text.MX_GPIO_Init
                0x0000000008000974       0xc0 ./Core/Src/main.o
 .text.HAL_TIM_PeriodElapsedCallback
                0x0000000008000a34       0x32 ./Core/Src/main.o
                0x0000000008000a34                HAL_TIM_PeriodElapsedCallback
 .text.Error_Handler
                0x0000000008000a66        0xa ./Core/Src/main.o
                0x0000000008000a66                Error_Handler
 .text.setTimer
                0x0000000008000a70       0x34 ./Core/Src/software_timer.o
                0x0000000008000a70                setTimer
 .text.setTimer1
                0x0000000008000aa4       0x34 ./Core/Src/software_timer.o
                0x0000000008000aa4                setTimer1
 .text.update7segTimerRun
                0x0000000008000ad8       0x34 ./Core/Src/software_timer.o
                0x0000000008000ad8                update7segTimerRun
 .text.setTimerTrafficLight
                0x0000000008000b0c       0x34 ./Core/Src/software_timer.o
                0x0000000008000b0c                setTimerTrafficLight
 .text.timerTrafficLightRun
                0x0000000008000b40       0x34 ./Core/Src/software_timer.o
                0x0000000008000b40                timerTrafficLightRun
 .text.timerRun
                0x0000000008000b74       0x34 ./Core/Src/software_timer.o
                0x0000000008000b74                timerRun
 .text.timer1Run
                0x0000000008000ba8       0x34 ./Core/Src/software_timer.o
                0x0000000008000ba8                timer1Run
 .text.HAL_MspInit
                0x0000000008000bdc       0x64 ./Core/Src/stm32f1xx_hal_msp.o
                0x0000000008000bdc                HAL_MspInit
 .text.HAL_TIM_Base_MspInit
                0x0000000008000c40       0x48 ./Core/Src/stm32f1xx_hal_msp.o
                0x0000000008000c40                HAL_TIM_Base_MspInit
 .text.NMI_Handler
                0x0000000008000c88        0x6 ./Core/Src/stm32f1xx_it.o
                0x0000000008000c88                NMI_Handler
 .text.HardFault_Handler
                0x0000000008000c8e        0x6 ./Core/Src/stm32f1xx_it.o
                0x0000000008000c8e                HardFault_Handler
 .text.MemManage_Handler
                0x0000000008000c94        0x6 ./Core/Src/stm32f1xx_it.o
                0x0000000008000c94                MemManage_Handler
 .text.BusFault_Handler
                0x0000000008000c9a        0x6 ./Core/Src/stm32f1xx_it.o
                0x0000000008000c9a                BusFault_Handler
 .text.UsageFault_Handler
                0x0000000008000ca0        0x6 ./Core/Src/stm32f1xx_it.o
                0x0000000008000ca0                UsageFault_Handler
 .text.SVC_Handler
                0x0000000008000ca6        0xc ./Core/Src/stm32f1xx_it.o
                0x0000000008000ca6                SVC_Handler
 .text.DebugMon_Handler
                0x0000000008000cb2        0xc ./Core/Src/stm32f1xx_it.o
                0x0000000008000cb2                DebugMon_Handler
 .text.PendSV_Handler
                0x0000000008000cbe        0xc ./Core/Src/stm32f1xx_it.o
                0x0000000008000cbe                PendSV_Handler
 .text.SysTick_Handler
                0x0000000008000cca        0xc ./Core/Src/stm32f1xx_it.o
                0x0000000008000cca                SysTick_Handler
 *fill*         0x0000000008000cd6        0x2 
 .text.TIM2_IRQHandler
                0x0000000008000cd8       0x14 ./Core/Src/stm32f1xx_it.o
                0x0000000008000cd8                TIM2_IRQHandler
 .text.SystemInit
                0x0000000008000cec        0xc ./Core/Src/system_stm32f1xx.o
                0x0000000008000cec                SystemInit
 .text.auto_red_on
                0x0000000008000cf8       0x18 ./Core/Src/traffic_light.o
                0x0000000008000cf8                auto_red_on
 .text.auto_green_on
                0x0000000008000d10       0x18 ./Core/Src/traffic_light.o
                0x0000000008000d10                auto_green_on
 .text.auto_yellow_on
                0x0000000008000d28       0x18 ./Core/Src/traffic_light.o
                0x0000000008000d28                auto_yellow_on
 .text.Reset_Handler
                0x0000000008000d40       0x48 ./Core/Startup/startup_stm32f103c6ux.o
                0x0000000008000d40                Reset_Handler
 .text.Default_Handler
                0x0000000008000d88        0x2 ./Core/Startup/startup_stm32f103c6ux.o
                0x0000000008000d88                RTC_Alarm_IRQHandler
                0x0000000008000d88                EXTI2_IRQHandler
                0x0000000008000d88                TIM1_CC_IRQHandler
                0x0000000008000d88                PVD_IRQHandler
                0x0000000008000d88                EXTI3_IRQHandler
                0x0000000008000d88                EXTI0_IRQHandler
                0x0000000008000d88                ADC1_2_IRQHandler
                0x0000000008000d88                SPI1_IRQHandler
                0x0000000008000d88                TAMPER_IRQHandler
                0x0000000008000d88                DMA1_Channel4_IRQHandler
                0x0000000008000d88                RTC_IRQHandler
                0x0000000008000d88                DMA1_Channel7_IRQHandler
                0x0000000008000d88                CAN1_RX1_IRQHandler
                0x0000000008000d88                I2C1_EV_IRQHandler
                0x0000000008000d88                DMA1_Channel6_IRQHandler
                0x0000000008000d88                TIM3_IRQHandler
                0x0000000008000d88                RCC_IRQHandler
                0x0000000008000d88                TIM1_TRG_COM_IRQHandler
                0x0000000008000d88                DMA1_Channel1_IRQHandler
                0x0000000008000d88                Default_Handler
                0x0000000008000d88                EXTI15_10_IRQHandler
                0x0000000008000d88                EXTI9_5_IRQHandler
                0x0000000008000d88                DMA1_Channel5_IRQHandler
                0x0000000008000d88                EXTI4_IRQHandler
                0x0000000008000d88                USB_LP_CAN1_RX0_IRQHandler
                0x0000000008000d88                USB_HP_CAN1_TX_IRQHandler
                0x0000000008000d88                DMA1_Channel3_IRQHandler
                0x0000000008000d88                TIM1_UP_IRQHandler
                0x0000000008000d88                WWDG_IRQHandler
                0x0000000008000d88                TIM1_BRK_IRQHandler
                0x0000000008000d88                EXTI1_IRQHandler
                0x0000000008000d88                USART2_IRQHandler
                0x0000000008000d88                DMA1_Channel2_IRQHandler
                0x0000000008000d88                CAN1_SCE_IRQHandler
                0x0000000008000d88                FLASH_IRQHandler
                0x0000000008000d88                USART1_IRQHandler
                0x0000000008000d88                I2C1_ER_IRQHandler
                0x0000000008000d88                USBWakeUp_IRQHandler
 *fill*         0x0000000008000d8a        0x2 
 .text.HAL_Init
                0x0000000008000d8c       0x2c ./Drivers/STM32F1xx_HAL_Driver/Src/stm32f1xx_hal.o
                0x0000000008000d8c                HAL_Init
 .text.HAL_InitTick
                0x0000000008000db8       0x60 ./Drivers/STM32F1xx_HAL_Driver/Src/stm32f1xx_hal.o
                0x0000000008000db8                HAL_InitTick
 .text.HAL_IncTick
                0x0000000008000e18       0x24 ./Drivers/STM32F1xx_HAL_Driver/Src/stm32f1xx_hal.o
                0x0000000008000e18                HAL_IncTick
 .text.HAL_GetTick
                0x0000000008000e3c       0x14 ./Drivers/STM32F1xx_HAL_Driver/Src/stm32f1xx_hal.o
                0x0000000008000e3c                HAL_GetTick
 .text.__NVIC_SetPriorityGrouping
                0x0000000008000e50       0x48 ./Drivers/STM32F1xx_HAL_Driver/Src/stm32f1xx_hal_cortex.o
 .text.__NVIC_GetPriorityGrouping
                0x0000000008000e98       0x1c ./Drivers/STM32F1xx_HAL_Driver/Src/stm32f1xx_hal_cortex.o
 .text.__NVIC_EnableIRQ
                0x0000000008000eb4       0x38 ./Drivers/STM32F1xx_HAL_Driver/Src/stm32f1xx_hal_cortex.o
 .text.__NVIC_SetPriority
                0x0000000008000eec       0x54 ./Drivers/STM32F1xx_HAL_Driver/Src/stm32f1xx_hal_cortex.o
 .text.NVIC_EncodePriority
                0x0000000008000f40       0x64 ./Drivers/STM32F1xx_HAL_Driver/Src/stm32f1xx_hal_cortex.o
 .text.SysTick_Config
                0x0000000008000fa4       0x44 ./Drivers/STM32F1xx_HAL_Driver/Src/stm32f1xx_hal_cortex.o
 .text.HAL_NVIC_SetPriorityGrouping
                0x0000000008000fe8       0x16 ./Drivers/STM32F1xx_HAL_Driver/Src/stm32f1xx_hal_cortex.o
                0x0000000008000fe8                HAL_NVIC_SetPriorityGrouping
 .text.HAL_NVIC_SetPriority
                0x0000000008000ffe       0x38 ./Drivers/STM32F1xx_HAL_Driver/Src/stm32f1xx_hal_cortex.o
                0x0000000008000ffe                HAL_NVIC_SetPriority
 .text.HAL_NVIC_EnableIRQ
                0x0000000008001036       0x1c ./Drivers/STM32F1xx_HAL_Driver/Src/stm32f1xx_hal_cortex.o
                0x0000000008001036                HAL_NVIC_EnableIRQ
 .text.HAL_SYSTICK_Config
                0x0000000008001052       0x18 ./Drivers/STM32F1xx_HAL_Driver/Src/stm32f1xx_hal_cortex.o
                0x0000000008001052                HAL_SYSTICK_Config
 *fill*         0x000000000800106a        0x2 
 .text.HAL_GPIO_Init
                0x000000000800106c      0x2f4 ./Drivers/STM32F1xx_HAL_Driver/Src/stm32f1xx_hal_gpio.o
                0x000000000800106c                HAL_GPIO_Init
 .text.HAL_GPIO_ReadPin
                0x0000000008001360       0x2e ./Drivers/STM32F1xx_HAL_Driver/Src/stm32f1xx_hal_gpio.o
                0x0000000008001360                HAL_GPIO_ReadPin
 .text.HAL_GPIO_WritePin
                0x000000000800138e       0x30 ./Drivers/STM32F1xx_HAL_Driver/Src/stm32f1xx_hal_gpio.o
                0x000000000800138e                HAL_GPIO_WritePin
 .text.HAL_GPIO_TogglePin
                0x00000000080013be       0x32 ./Drivers/STM32F1xx_HAL_Driver/Src/stm32f1xx_hal_gpio.o
                0x00000000080013be                HAL_GPIO_TogglePin
 .text.HAL_RCC_OscConfig
                0x00000000080013f0      0x500 ./Drivers/STM32F1xx_HAL_Driver/Src/stm32f1xx_hal_rcc.o
                0x00000000080013f0                HAL_RCC_OscConfig
 .text.HAL_RCC_ClockConfig
                0x00000000080018f0      0x1d4 ./Drivers/STM32F1xx_HAL_Driver/Src/stm32f1xx_hal_rcc.o
                0x00000000080018f0                HAL_RCC_ClockConfig
 .text.HAL_RCC_GetSysClockFreq
                0x0000000008001ac4       0xc0 ./Drivers/STM32F1xx_HAL_Driver/Src/stm32f1xx_hal_rcc.o
                0x0000000008001ac4                HAL_RCC_GetSysClockFreq
 .text.RCC_Delay
                0x0000000008001b84       0x3c ./Drivers/STM32F1xx_HAL_Driver/Src/stm32f1xx_hal_rcc.o
 .text.HAL_TIM_Base_Init
                0x0000000008001bc0       0x9e ./Drivers/STM32F1xx_HAL_Driver/Src/stm32f1xx_hal_tim.o
                0x0000000008001bc0                HAL_TIM_Base_Init
 *fill*         0x0000000008001c5e        0x2 
 .text.HAL_TIM_Base_Start_IT
                0x0000000008001c60       0x98 ./Drivers/STM32F1xx_HAL_Driver/Src/stm32f1xx_hal_tim.o
                0x0000000008001c60                HAL_TIM_Base_Start_IT
 .text.HAL_TIM_IRQHandler
                0x0000000008001cf8      0x210 ./Drivers/STM32F1xx_HAL_Driver/Src/stm32f1xx_hal_tim.o
                0x0000000008001cf8                HAL_TIM_IRQHandler
 .text.HAL_TIM_ConfigClockSource
                0x0000000008001f08      0x188 ./Drivers/STM32F1xx_HAL_Driver/Src/stm32f1xx_hal_tim.o
                0x0000000008001f08                HAL_TIM_ConfigClockSource
 .text.HAL_TIM_OC_DelayElapsedCallback
                0x0000000008002090       0x12 ./Drivers/STM32F1xx_HAL_Driver/Src/stm32f1xx_hal_tim.o
                0x0000000008002090                HAL_TIM_OC_DelayElapsedCallback
 .text.HAL_TIM_IC_CaptureCallback
                0x00000000080020a2       0x12 ./Drivers/STM32F1xx_HAL_Driver/Src/stm32f1xx_hal_tim.o
                0x00000000080020a2                HAL_TIM_IC_CaptureCallback
 .text.HAL_TIM_PWM_PulseFinishedCallback
                0x00000000080020b4       0x12 ./Drivers/STM32F1xx_HAL_Driver/Src/stm32f1xx_hal_tim.o
                0x00000000080020b4                HAL_TIM_PWM_PulseFinishedCallback
 .text.HAL_TIM_TriggerCallback
                0x00000000080020c6       0x12 ./Drivers/STM32F1xx_HAL_Driver/Src/stm32f1xx_hal_tim.o
                0x00000000080020c6                HAL_TIM_TriggerCallback
 .text.TIM_Base_SetConfig
                0x00000000080020d8       0xb0 ./Drivers/STM32F1xx_HAL_Driver/Src/stm32f1xx_hal_tim.o
                0x00000000080020d8                TIM_Base_SetConfig
 .text.TIM_TI1_ConfigInputStage
                0x0000000008002188       0x5c ./Drivers/STM32F1xx_HAL_Driver/Src/stm32f1xx_hal_tim.o
 .text.TIM_TI2_ConfigInputStage
                0x00000000080021e4       0x5e ./Drivers/STM32F1xx_HAL_Driver/Src/stm32f1xx_hal_tim.o
 .text.TIM_ITRx_SetConfig
                0x0000000008002242       0x34 ./Drivers/STM32F1xx_HAL_Driver/Src/stm32f1xx_hal_tim.o
 .text.TIM_ETR_SetConfig
                0x0000000008002276       0x3e ./Drivers/STM32F1xx_HAL_Driver/Src/stm32f1xx_hal_tim.o
                0x0000000008002276                TIM_ETR_SetConfig
 .text.HAL_TIMEx_MasterConfigSynchronization
                0x00000000080022b4       0xb0 ./Drivers/STM32F1xx_HAL_Driver/Src/stm32f1xx_hal_tim_ex.o
                0x00000000080022b4                HAL_TIMEx_MasterConfigSynchronization
 .text.HAL_TIMEx_CommutCallback
                0x0000000008002364       0x12 ./Drivers/STM32F1xx_HAL_Driver/Src/stm32f1xx_hal_tim_ex.o
                0x0000000008002364                HAL_TIMEx_CommutCallback
 .text.HAL_TIMEx_BreakCallback
                0x0000000008002376       0x12 ./Drivers/STM32F1xx_HAL_Driver/Src/stm32f1xx_hal_tim_ex.o
                0x0000000008002376                HAL_TIMEx_BreakCallback
 .text.__libc_init_array
                0x0000000008002388       0x48 d:/st/stm32cubeide_1.7.0/stm32cubeide/plugins/com.st.stm32cube.ide.mcu.externaltools.gnu-tools-for-stm32.9-2020-q2-update.win32_2.0.0.202105311346/tools/bin/../lib/gcc/arm-none-eabi/9.3.1/../../../../arm-none-eabi/lib/thumb/v7-m/nofp\libc_nano.a(lib_a-init.o)
                0x0000000008002388                __libc_init_array
 .text.memset   0x00000000080023d0       0x10 d:/st/stm32cubeide_1.7.0/stm32cubeide/plugins/com.st.stm32cube.ide.mcu.externaltools.gnu-tools-for-stm32.9-2020-q2-update.win32_2.0.0.202105311346/tools/bin/../lib/gcc/arm-none-eabi/9.3.1/../../../../arm-none-eabi/lib/thumb/v7-m/nofp\libc_nano.a(lib_a-memset.o)
                0x00000000080023d0                memset
 *(.glue_7)
 .glue_7        0x00000000080023e0        0x0 linker stubs
 *(.glue_7t)
 .glue_7t       0x00000000080023e0        0x0 linker stubs
 *(.eh_frame)
 .eh_frame      0x00000000080023e0        0x0 d:/st/stm32cubeide_1.7.0/stm32cubeide/plugins/com.st.stm32cube.ide.mcu.externaltools.gnu-tools-for-stm32.9-2020-q2-update.win32_2.0.0.202105311346/tools/bin/../lib/gcc/arm-none-eabi/9.3.1/thumb/v7-m/nofp/crtbegin.o
 *(.init)
 .init          0x00000000080023e0        0x4 d:/st/stm32cubeide_1.7.0/stm32cubeide/plugins/com.st.stm32cube.ide.mcu.externaltools.gnu-tools-for-stm32.9-2020-q2-update.win32_2.0.0.202105311346/tools/bin/../lib/gcc/arm-none-eabi/9.3.1/thumb/v7-m/nofp/crti.o
                0x00000000080023e0                _init
 .init          0x00000000080023e4        0x8 d:/st/stm32cubeide_1.7.0/stm32cubeide/plugins/com.st.stm32cube.ide.mcu.externaltools.gnu-tools-for-stm32.9-2020-q2-update.win32_2.0.0.202105311346/tools/bin/../lib/gcc/arm-none-eabi/9.3.1/thumb/v7-m/nofp/crtn.o
 *(.fini)
 .fini          0x00000000080023ec        0x4 d:/st/stm32cubeide_1.7.0/stm32cubeide/plugins/com.st.stm32cube.ide.mcu.externaltools.gnu-tools-for-stm32.9-2020-q2-update.win32_2.0.0.202105311346/tools/bin/../lib/gcc/arm-none-eabi/9.3.1/thumb/v7-m/nofp/crti.o
                0x00000000080023ec                _fini
 .fini          0x00000000080023f0        0x8 d:/st/stm32cubeide_1.7.0/stm32cubeide/plugins/com.st.stm32cube.ide.mcu.externaltools.gnu-tools-for-stm32.9-2020-q2-update.win32_2.0.0.202105311346/tools/bin/../lib/gcc/arm-none-eabi/9.3.1/thumb/v7-m/nofp/crtn.o
                0x00000000080023f8                . = ALIGN (0x4)
                0x00000000080023f8                _etext = .

.vfp11_veneer   0x00000000080023f8        0x0
 .vfp11_veneer  0x00000000080023f8        0x0 linker stubs

.v4_bx          0x00000000080023f8        0x0
 .v4_bx         0x00000000080023f8        0x0 linker stubs

.iplt           0x00000000080023f8        0x0
 .iplt          0x00000000080023f8        0x0 d:/st/stm32cubeide_1.7.0/stm32cubeide/plugins/com.st.stm32cube.ide.mcu.externaltools.gnu-tools-for-stm32.9-2020-q2-update.win32_2.0.0.202105311346/tools/bin/../lib/gcc/arm-none-eabi/9.3.1/thumb/v7-m/nofp/crtbegin.o

.rodata         0x00000000080023f8       0x20
                0x00000000080023f8                . = ALIGN (0x4)
 *(.rodata)
 .rodata        0x00000000080023f8       0x10 ./Drivers/STM32F1xx_HAL_Driver/Src/stm32f1xx_hal_rcc.o
 *(.rodata*)
 .rodata.AHBPrescTable
                0x0000000008002408       0x10 ./Core/Src/system_stm32f1xx.o
                0x0000000008002408                AHBPrescTable
                0x0000000008002418                . = ALIGN (0x4)

.rel.dyn        0x0000000008002418        0x0
 .rel.iplt      0x0000000008002418        0x0 d:/st/stm32cubeide_1.7.0/stm32cubeide/plugins/com.st.stm32cube.ide.mcu.externaltools.gnu-tools-for-stm32.9-2020-q2-update.win32_2.0.0.202105311346/tools/bin/../lib/gcc/arm-none-eabi/9.3.1/thumb/v7-m/nofp/crtbegin.o

.ARM.extab      0x0000000008002418        0x0
                0x0000000008002418                . = ALIGN (0x4)
 *(.ARM.extab* .gnu.linkonce.armextab.*)
                0x0000000008002418                . = ALIGN (0x4)

.ARM            0x0000000008002418        0x0
                0x0000000008002418                . = ALIGN (0x4)
                0x0000000008002418                __exidx_start = .
 *(.ARM.exidx*)
                0x0000000008002418                __exidx_end = .
                0x0000000008002418                . = ALIGN (0x4)

.preinit_array  0x0000000008002418        0x0
                0x0000000008002418                . = ALIGN (0x4)
                0x0000000008002418                PROVIDE (__preinit_array_start = .)
 *(.preinit_array*)
                0x0000000008002418                PROVIDE (__preinit_array_end = .)
                0x0000000008002418                . = ALIGN (0x4)

.init_array     0x0000000008002418        0x4
                0x0000000008002418                . = ALIGN (0x4)
                0x0000000008002418                PROVIDE (__init_array_start = .)
 *(SORT_BY_NAME(.init_array.*))
 *(.init_array*)
 .init_array    0x0000000008002418        0x4 d:/st/stm32cubeide_1.7.0/stm32cubeide/plugins/com.st.stm32cube.ide.mcu.externaltools.gnu-tools-for-stm32.9-2020-q2-update.win32_2.0.0.202105311346/tools/bin/../lib/gcc/arm-none-eabi/9.3.1/thumb/v7-m/nofp/crtbegin.o
                0x000000000800241c                PROVIDE (__init_array_end = .)
                0x000000000800241c                . = ALIGN (0x4)

.fini_array     0x000000000800241c        0x4
                0x000000000800241c                . = ALIGN (0x4)
                [!provide]                        PROVIDE (__fini_array_start = .)
 *(SORT_BY_NAME(.fini_array.*))
 *(.fini_array*)
 .fini_array    0x000000000800241c        0x4 d:/st/stm32cubeide_1.7.0/stm32cubeide/plugins/com.st.stm32cube.ide.mcu.externaltools.gnu-tools-for-stm32.9-2020-q2-update.win32_2.0.0.202105311346/tools/bin/../lib/gcc/arm-none-eabi/9.3.1/thumb/v7-m/nofp/crtbegin.o
                [!provide]                        PROVIDE (__fini_array_end = .)
                0x0000000008002420                . = ALIGN (0x4)
                0x0000000008002420                _sidata = LOADADDR (.data)

.data           0x0000000020000000       0x34 load address 0x0000000008002420
                0x0000000020000000                . = ALIGN (0x4)
                0x0000000020000000                _sdata = .
 *(.data)
 *(.data*)
 .data.KeyReg0  0x0000000020000000        0x4 ./Core/Src/button.o
                0x0000000020000000                KeyReg0
 .data.KeyReg1  0x0000000020000004        0x4 ./Core/Src/button.o
                0x0000000020000004                KeyReg1
 .data.KeyReg2  0x0000000020000008        0x4 ./Core/Src/button.o
                0x0000000020000008                KeyReg2
 .data.KeyReg3  0x000000002000000c        0x4 ./Core/Src/button.o
                0x000000002000000c                KeyReg3
 .data.TimerForKeyPress
                0x0000000020000010        0x4 ./Core/Src/button.o
                0x0000000020000010                TimerForKeyPress
 .data.led_7seg_digit
                0x0000000020000014        0x4 ./Core/Src/fsm_manual.o
                0x0000000020000014                led_7seg_digit
 .data.tick     0x0000000020000018        0x4 ./Core/Src/software_timer.o
                0x0000000020000018                tick
 .data.SystemCoreClock
                0x000000002000001c        0x4 ./Core/Src/system_stm32f1xx.o
                0x000000002000001c                SystemCoreClock
 .data.auto_led_time
                0x0000000020000020        0xc ./Core/Src/traffic_light.o
                0x0000000020000020                auto_led_time
 .data.uwTickPrio
                0x000000002000002c        0x4 ./Drivers/STM32F1xx_HAL_Driver/Src/stm32f1xx_hal.o
                0x000000002000002c                uwTickPrio
 .data.uwTickFreq
                0x0000000020000030        0x1 ./Drivers/STM32F1xx_HAL_Driver/Src/stm32f1xx_hal.o
                0x0000000020000030                uwTickFreq
 *(.RamFunc)
 *(.RamFunc*)
                0x0000000020000034                . = ALIGN (0x4)
 *fill*         0x0000000020000031        0x3 
                0x0000000020000034                _edata = .

.igot.plt       0x0000000020000034        0x0 load address 0x0000000008002454
 .igot.plt      0x0000000020000034        0x0 d:/st/stm32cubeide_1.7.0/stm32cubeide/plugins/com.st.stm32cube.ide.mcu.externaltools.gnu-tools-for-stm32.9-2020-q2-update.win32_2.0.0.202105311346/tools/bin/../lib/gcc/arm-none-eabi/9.3.1/thumb/v7-m/nofp/crtbegin.o
                0x0000000020000034                . = ALIGN (0x4)

.bss            0x0000000020000034       0xbc load address 0x0000000008002454
                0x0000000020000034                _sbss = .
                0x0000000020000034                __bss_start__ = _sbss
 *(.bss)
 .bss           0x0000000020000034       0x1c d:/st/stm32cubeide_1.7.0/stm32cubeide/plugins/com.st.stm32cube.ide.mcu.externaltools.gnu-tools-for-stm32.9-2020-q2-update.win32_2.0.0.202105311346/tools/bin/../lib/gcc/arm-none-eabi/9.3.1/thumb/v7-m/nofp/crtbegin.o
 *(.bss*)
 .bss.button1_flag
                0x0000000020000050        0x4 ./Core/Src/button.o
                0x0000000020000050                button1_flag
 .bss.status    0x0000000020000054        0x4 ./Core/Src/fsm_automatic.o
                0x0000000020000054                status
 .bss.led_7seg  0x0000000020000058        0x4 ./Core/Src/fsm_manual.o
                0x0000000020000058                led_7seg
 .bss.buttonBuffer
                0x000000002000005c        0x3 ./Core/Src/input_reading.o
 *fill*         0x000000002000005f        0x1 
 .bss.debounceButtonBuffer1
                0x0000000020000060        0x3 ./Core/Src/input_reading.o
 *fill*         0x0000000020000063        0x1 
 .bss.debounceButtonBuffer2
                0x0000000020000064        0x3 ./Core/Src/input_reading.o
 *fill*         0x0000000020000067        0x1 
 .bss.flagForButtonPress1s
                0x0000000020000068        0x3 ./Core/Src/input_reading.o
 *fill*         0x000000002000006b        0x1 
 .bss.counterForButtonPress1s
                0x000000002000006c        0x6 ./Core/Src/input_reading.o
 *fill*         0x0000000020000072        0x2 
 .bss.timer_flag
                0x0000000020000074        0x4 ./Core/Src/software_timer.o
                0x0000000020000074                timer_flag
 .bss.timer_counter
                0x0000000020000078        0x4 ./Core/Src/software_timer.o
                0x0000000020000078                timer_counter
 .bss.timer1_flag
                0x000000002000007c        0x4 ./Core/Src/software_timer.o
                0x000000002000007c                timer1_flag
 .bss.timer1_counter
                0x0000000020000080        0x4 ./Core/Src/software_timer.o
                0x0000000020000080                timer1_counter
 .bss.update7seg_flag
                0x0000000020000084        0x4 ./Core/Src/software_timer.o
                0x0000000020000084                update7seg_flag
 .bss.update7seg_counter
                0x0000000020000088        0x4 ./Core/Src/software_timer.o
                0x0000000020000088                update7seg_counter
 .bss.timer_traffic_flag
                0x000000002000008c        0x4 ./Core/Src/software_timer.o
                0x000000002000008c                timer_traffic_flag
 .bss.timer_traffic_light_counter
                0x0000000020000090        0x4 ./Core/Src/software_timer.o
                0x0000000020000090                timer_traffic_light_counter
 *(COMMON)
 COMMON         0x0000000020000094       0x10 ./Core/Src/led_7seg_display.o
                0x0000000020000094                led_buffer
 COMMON         0x00000000200000a4       0x48 ./Core/Src/main.o
                0x00000000200000a4                htim2
 COMMON         0x00000000200000ec        0x4 ./Drivers/STM32F1xx_HAL_Driver/Src/stm32f1xx_hal.o
                0x00000000200000ec                uwTick
                0x00000000200000f0                . = ALIGN (0x4)
                0x00000000200000f0                _ebss = .
                0x00000000200000f0                __bss_end__ = _ebss

._user_heap_stack
                0x00000000200000f0      0x600 load address 0x0000000008002454
                0x00000000200000f0                . = ALIGN (0x8)
                [!provide]                        PROVIDE (end = .)
                0x00000000200000f0                PROVIDE (_end = .)
                0x00000000200002f0                . = (. + _Min_Heap_Size)
 *fill*         0x00000000200000f0      0x200 
                0x00000000200006f0                . = (. + _Min_Stack_Size)
 *fill*         0x00000000200002f0      0x400 
                0x00000000200006f0                . = ALIGN (0x8)

/DISCARD/
 libc.a(*)
 libm.a(*)
 libgcc.a(*)

.ARM.attributes
                0x0000000000000000       0x29
 *(.ARM.attributes)
 .ARM.attributes
                0x0000000000000000       0x1d d:/st/stm32cubeide_1.7.0/stm32cubeide/plugins/com.st.stm32cube.ide.mcu.externaltools.gnu-tools-for-stm32.9-2020-q2-update.win32_2.0.0.202105311346/tools/bin/../lib/gcc/arm-none-eabi/9.3.1/thumb/v7-m/nofp/crti.o
 .ARM.attributes
                0x000000000000001d       0x2d d:/st/stm32cubeide_1.7.0/stm32cubeide/plugins/com.st.stm32cube.ide.mcu.externaltools.gnu-tools-for-stm32.9-2020-q2-update.win32_2.0.0.202105311346/tools/bin/../lib/gcc/arm-none-eabi/9.3.1/thumb/v7-m/nofp/crtbegin.o
 .ARM.attributes
                0x000000000000004a       0x2d ./Core/Src/button.o
 .ARM.attributes
                0x0000000000000077       0x2d ./Core/Src/fsm_automatic.o
 .ARM.attributes
                0x00000000000000a4       0x2d ./Core/Src/fsm_manual.o
 .ARM.attributes
                0x00000000000000d1       0x2d ./Core/Src/input_reading.o
 .ARM.attributes
                0x00000000000000fe       0x2d ./Core/Src/led_7seg_display.o
 .ARM.attributes
                0x000000000000012b       0x2d ./Core/Src/main.o
 .ARM.attributes
                0x0000000000000158       0x2d ./Core/Src/software_timer.o
 .ARM.attributes
                0x0000000000000185       0x2d ./Core/Src/stm32f1xx_hal_msp.o
 .ARM.attributes
                0x00000000000001b2       0x2d ./Core/Src/stm32f1xx_it.o
 .ARM.attributes
                0x00000000000001df       0x2d ./Core/Src/system_stm32f1xx.o
 .ARM.attributes
                0x000000000000020c       0x2d ./Core/Src/traffic_light.o
 .ARM.attributes
                0x0000000000000239       0x21 ./Core/Startup/startup_stm32f103c6ux.o
 .ARM.attributes
                0x000000000000025a       0x2d ./Drivers/STM32F1xx_HAL_Driver/Src/stm32f1xx_hal.o
 .ARM.attributes
                0x0000000000000287       0x2d ./Drivers/STM32F1xx_HAL_Driver/Src/stm32f1xx_hal_cortex.o
 .ARM.attributes
                0x00000000000002b4       0x2d ./Drivers/STM32F1xx_HAL_Driver/Src/stm32f1xx_hal_gpio.o
 .ARM.attributes
                0x00000000000002e1       0x2d ./Drivers/STM32F1xx_HAL_Driver/Src/stm32f1xx_hal_rcc.o
 .ARM.attributes
                0x000000000000030e       0x2d ./Drivers/STM32F1xx_HAL_Driver/Src/stm32f1xx_hal_tim.o
 .ARM.attributes
                0x000000000000033b       0x2d ./Drivers/STM32F1xx_HAL_Driver/Src/stm32f1xx_hal_tim_ex.o
 .ARM.attributes
                0x0000000000000368       0x2d d:/st/stm32cubeide_1.7.0/stm32cubeide/plugins/com.st.stm32cube.ide.mcu.externaltools.gnu-tools-for-stm32.9-2020-q2-update.win32_2.0.0.202105311346/tools/bin/../lib/gcc/arm-none-eabi/9.3.1/../../../../arm-none-eabi/lib/thumb/v7-m/nofp\libc_nano.a(lib_a-init.o)
 .ARM.attributes
                0x0000000000000395       0x2d d:/st/stm32cubeide_1.7.0/stm32cubeide/plugins/com.st.stm32cube.ide.mcu.externaltools.gnu-tools-for-stm32.9-2020-q2-update.win32_2.0.0.202105311346/tools/bin/../lib/gcc/arm-none-eabi/9.3.1/../../../../arm-none-eabi/lib/thumb/v7-m/nofp\libc_nano.a(lib_a-memset.o)
 .ARM.attributes
                0x00000000000003c2       0x1d d:/st/stm32cubeide_1.7.0/stm32cubeide/plugins/com.st.stm32cube.ide.mcu.externaltools.gnu-tools-for-stm32.9-2020-q2-update.win32_2.0.0.202105311346/tools/bin/../lib/gcc/arm-none-eabi/9.3.1/thumb/v7-m/nofp/crtn.o
OUTPUT(lab3.elf elf32-littlearm)
LOAD linker stubs
LOAD d:/st/stm32cubeide_1.7.0/stm32cubeide/plugins/com.st.stm32cube.ide.mcu.externaltools.gnu-tools-for-stm32.9-2020-q2-update.win32_2.0.0.202105311346/tools/bin/../lib/gcc/arm-none-eabi/9.3.1/../../../../arm-none-eabi/lib/thumb/v7-m/nofp\libc.a
LOAD d:/st/stm32cubeide_1.7.0/stm32cubeide/plugins/com.st.stm32cube.ide.mcu.externaltools.gnu-tools-for-stm32.9-2020-q2-update.win32_2.0.0.202105311346/tools/bin/../lib/gcc/arm-none-eabi/9.3.1/../../../../arm-none-eabi/lib/thumb/v7-m/nofp\libm.a
LOAD d:/st/stm32cubeide_1.7.0/stm32cubeide/plugins/com.st.stm32cube.ide.mcu.externaltools.gnu-tools-for-stm32.9-2020-q2-update.win32_2.0.0.202105311346/tools/bin/../lib/gcc/arm-none-eabi/9.3.1/thumb/v7-m/nofp\libgcc.a

.debug_info     0x0000000000000000     0x94df
 .debug_info    0x0000000000000000      0x2d3 ./Core/Src/button.o
 .debug_info    0x00000000000002d3      0x2e1 ./Core/Src/fsm_automatic.o
 .debug_info    0x00000000000005b4      0x2b7 ./Core/Src/fsm_manual.o
 .debug_info    0x000000000000086b      0x341 ./Core/Src/input_reading.o
 .debug_info    0x0000000000000bac      0x2f6 ./Core/Src/led_7seg_display.o
 .debug_info    0x0000000000000ea2      0xbff ./Core/Src/main.o
 .debug_info    0x0000000000001aa1      0x31e ./Core/Src/software_timer.o
 .debug_info    0x0000000000001dbf      0xa04 ./Core/Src/stm32f1xx_hal_msp.o
 .debug_info    0x00000000000027c3      0x7b4 ./Core/Src/stm32f1xx_it.o
 .debug_info    0x0000000000002f77      0x2be ./Core/Src/system_stm32f1xx.o
 .debug_info    0x0000000000003235       0xd5 ./Core/Src/traffic_light.o
 .debug_info    0x000000000000330a       0x22 ./Core/Startup/startup_stm32f103c6ux.o
 .debug_info    0x000000000000332c      0x74c ./Drivers/STM32F1xx_HAL_Driver/Src/stm32f1xx_hal.o
 .debug_info    0x0000000000003a78      0xbbe ./Drivers/STM32F1xx_HAL_Driver/Src/stm32f1xx_hal_cortex.o
 .debug_info    0x0000000000004636      0x701 ./Drivers/STM32F1xx_HAL_Driver/Src/stm32f1xx_hal_gpio.o
 .debug_info    0x0000000000004d37      0x88e ./Drivers/STM32F1xx_HAL_Driver/Src/stm32f1xx_hal_rcc.o
 .debug_info    0x00000000000055c5     0x2a45 ./Drivers/STM32F1xx_HAL_Driver/Src/stm32f1xx_hal_tim.o
 .debug_info    0x000000000000800a     0x14d5 ./Drivers/STM32F1xx_HAL_Driver/Src/stm32f1xx_hal_tim_ex.o

.debug_abbrev   0x0000000000000000     0x1c97
 .debug_abbrev  0x0000000000000000      0x13b ./Core/Src/button.o
 .debug_abbrev  0x000000000000013b      0x146 ./Core/Src/fsm_automatic.o
 .debug_abbrev  0x0000000000000281      0x10e ./Core/Src/fsm_manual.o
 .debug_abbrev  0x000000000000038f      0x152 ./Core/Src/input_reading.o
 .debug_abbrev  0x00000000000004e1      0x145 ./Core/Src/led_7seg_display.o
 .debug_abbrev  0x0000000000000626      0x231 ./Core/Src/main.o
 .debug_abbrev  0x0000000000000857      0x11f ./Core/Src/software_timer.o
 .debug_abbrev  0x0000000000000976      0x1b7 ./Core/Src/stm32f1xx_hal_msp.o
 .debug_abbrev  0x0000000000000b2d      0x176 ./Core/Src/stm32f1xx_it.o
 .debug_abbrev  0x0000000000000ca3      0x14e ./Core/Src/system_stm32f1xx.o
 .debug_abbrev  0x0000000000000df1       0x75 ./Core/Src/traffic_light.o
 .debug_abbrev  0x0000000000000e66       0x12 ./Core/Startup/startup_stm32f103c6ux.o
 .debug_abbrev  0x0000000000000e78      0x1ed ./Drivers/STM32F1xx_HAL_Driver/Src/stm32f1xx_hal.o
 .debug_abbrev  0x0000000000001065      0x313 ./Drivers/STM32F1xx_HAL_Driver/Src/stm32f1xx_hal_cortex.o
 .debug_abbrev  0x0000000000001378      0x1e8 ./Drivers/STM32F1xx_HAL_Driver/Src/stm32f1xx_hal_gpio.o
 .debug_abbrev  0x0000000000001560      0x273 ./Drivers/STM32F1xx_HAL_Driver/Src/stm32f1xx_hal_rcc.o
 .debug_abbrev  0x00000000000017d3      0x25e ./Drivers/STM32F1xx_HAL_Driver/Src/stm32f1xx_hal_tim.o
 .debug_abbrev  0x0000000000001a31      0x266 ./Drivers/STM32F1xx_HAL_Driver/Src/stm32f1xx_hal_tim_ex.o

.debug_aranges  0x0000000000000000      0xa98
 .debug_aranges
                0x0000000000000000       0x30 ./Core/Src/button.o
 .debug_aranges
                0x0000000000000030       0x28 ./Core/Src/fsm_automatic.o
 .debug_aranges
                0x0000000000000058       0x20 ./Core/Src/fsm_manual.o
 .debug_aranges
                0x0000000000000078       0x30 ./Core/Src/input_reading.o
 .debug_aranges
                0x00000000000000a8       0x30 ./Core/Src/led_7seg_display.o
 .debug_aranges
                0x00000000000000d8       0x48 ./Core/Src/main.o
 .debug_aranges
                0x0000000000000120       0x58 ./Core/Src/software_timer.o
 .debug_aranges
                0x0000000000000178       0x30 ./Core/Src/stm32f1xx_hal_msp.o
 .debug_aranges
                0x00000000000001a8       0x68 ./Core/Src/stm32f1xx_it.o
 .debug_aranges
                0x0000000000000210       0x28 ./Core/Src/system_stm32f1xx.o
 .debug_aranges
                0x0000000000000238       0x38 ./Core/Src/traffic_light.o
 .debug_aranges
                0x0000000000000270       0x28 ./Core/Startup/startup_stm32f103c6ux.o
 .debug_aranges
                0x0000000000000298       0xe0 ./Drivers/STM32F1xx_HAL_Driver/Src/stm32f1xx_hal.o
 .debug_aranges
                0x0000000000000378      0x100 ./Drivers/STM32F1xx_HAL_Driver/Src/stm32f1xx_hal_cortex.o
 .debug_aranges
                0x0000000000000478       0x58 ./Drivers/STM32F1xx_HAL_Driver/Src/stm32f1xx_hal_gpio.o
 .debug_aranges
                0x00000000000004d0       0x90 ./Drivers/STM32F1xx_HAL_Driver/Src/stm32f1xx_hal_rcc.o
 .debug_aranges
                0x0000000000000560      0x3d0 ./Drivers/STM32F1xx_HAL_Driver/Src/stm32f1xx_hal_tim.o
 .debug_aranges
                0x0000000000000930      0x168 ./Drivers/STM32F1xx_HAL_Driver/Src/stm32f1xx_hal_tim_ex.o

.debug_ranges   0x0000000000000000      0x980
 .debug_ranges  0x0000000000000000       0x20 ./Core/Src/button.o
 .debug_ranges  0x0000000000000020       0x18 ./Core/Src/fsm_automatic.o
 .debug_ranges  0x0000000000000038       0x10 ./Core/Src/fsm_manual.o
 .debug_ranges  0x0000000000000048       0x20 ./Core/Src/input_reading.o
 .debug_ranges  0x0000000000000068       0x20 ./Core/Src/led_7seg_display.o
 .debug_ranges  0x0000000000000088       0x38 ./Core/Src/main.o
 .debug_ranges  0x00000000000000c0       0x48 ./Core/Src/software_timer.o
 .debug_ranges  0x0000000000000108       0x20 ./Core/Src/stm32f1xx_hal_msp.o
 .debug_ranges  0x0000000000000128       0x58 ./Core/Src/stm32f1xx_it.o
 .debug_ranges  0x0000000000000180       0x18 ./Core/Src/system_stm32f1xx.o
 .debug_ranges  0x0000000000000198       0x28 ./Core/Src/traffic_light.o
 .debug_ranges  0x00000000000001c0       0x20 ./Core/Startup/startup_stm32f103c6ux.o
 .debug_ranges  0x00000000000001e0       0xd0 ./Drivers/STM32F1xx_HAL_Driver/Src/stm32f1xx_hal.o
 .debug_ranges  0x00000000000002b0       0xf0 ./Drivers/STM32F1xx_HAL_Driver/Src/stm32f1xx_hal_cortex.o
 .debug_ranges  0x00000000000003a0       0x48 ./Drivers/STM32F1xx_HAL_Driver/Src/stm32f1xx_hal_gpio.o
 .debug_ranges  0x00000000000003e8       0x80 ./Drivers/STM32F1xx_HAL_Driver/Src/stm32f1xx_hal_rcc.o
 .debug_ranges  0x0000000000000468      0x3c0 ./Drivers/STM32F1xx_HAL_Driver/Src/stm32f1xx_hal_tim.o
 .debug_ranges  0x0000000000000828      0x158 ./Drivers/STM32F1xx_HAL_Driver/Src/stm32f1xx_hal_tim_ex.o

.debug_macro    0x0000000000000000    0x16e69
 .debug_macro   0x0000000000000000      0x1b6 ./Core/Src/button.o
 .debug_macro   0x00000000000001b6      0xa9c ./Core/Src/button.o
 .debug_macro   0x0000000000000c52      0x215 ./Core/Src/button.o
 .debug_macro   0x0000000000000e67       0x2e ./Core/Src/button.o
 .debug_macro   0x0000000000000e95       0x22 ./Core/Src/button.o
 .debug_macro   0x0000000000000eb7       0x22 ./Core/Src/button.o
 .debug_macro   0x0000000000000ed9       0x8e ./Core/Src/button.o
 .debug_macro   0x0000000000000f67       0x51 ./Core/Src/button.o
 .debug_macro   0x0000000000000fb8      0x103 ./Core/Src/button.o
 .debug_macro   0x00000000000010bb       0x6a ./Core/Src/button.o
 .debug_macro   0x0000000000001125      0x1df ./Core/Src/button.o
 .debug_macro   0x0000000000001304       0x1c ./Core/Src/button.o
 .debug_macro   0x0000000000001320       0x22 ./Core/Src/button.o
 .debug_macro   0x0000000000001342       0xc3 ./Core/Src/button.o
 .debug_macro   0x0000000000001405      0xd23 ./Core/Src/button.o
 .debug_macro   0x0000000000002128     0xde75 ./Core/Src/button.o
 .debug_macro   0x000000000000ff9d       0x6d ./Core/Src/button.o
 .debug_macro   0x000000000001000a     0x3468 ./Core/Src/button.o
 .debug_macro   0x0000000000013472      0x174 ./Core/Src/button.o
 .debug_macro   0x00000000000135e6       0x5c ./Core/Src/button.o
 .debug_macro   0x0000000000013642      0x5be ./Core/Src/button.o
 .debug_macro   0x0000000000013c00      0x1b7 ./Core/Src/button.o
 .debug_macro   0x0000000000013db7      0x1cb ./Core/Src/button.o
 .debug_macro   0x0000000000013f82      0x114 ./Core/Src/button.o
 .debug_macro   0x0000000000014096      0x1b2 ./Core/Src/button.o
 .debug_macro   0x0000000000014248       0x27 ./Core/Src/button.o
 .debug_macro   0x000000000001426f      0x12f ./Core/Src/button.o
 .debug_macro   0x000000000001439e      0x1bc ./Core/Src/button.o
 .debug_macro   0x000000000001455a       0x34 ./Core/Src/button.o
 .debug_macro   0x000000000001458e       0x3c ./Core/Src/button.o
 .debug_macro   0x00000000000145ca       0x57 ./Core/Src/button.o
 .debug_macro   0x0000000000014621       0x88 ./Core/Src/button.o
 .debug_macro   0x00000000000146a9      0x183 ./Core/Src/button.o
 .debug_macro   0x000000000001482c      0x141 ./Core/Src/button.o
 .debug_macro   0x000000000001496d      0x8d1 ./Core/Src/button.o
 .debug_macro   0x000000000001523e       0x69 ./Core/Src/button.o
 .debug_macro   0x00000000000152a7       0xdc ./Core/Src/button.o
 .debug_macro   0x0000000000015383       0x10 ./Core/Src/button.o
 .debug_macro   0x0000000000015393      0x1ef ./Core/Src/fsm_automatic.o
 .debug_macro   0x0000000000015582       0x16 ./Core/Src/fsm_automatic.o
 .debug_macro   0x0000000000015598       0x10 ./Core/Src/fsm_automatic.o
 .debug_macro   0x00000000000155a8       0x16 ./Core/Src/fsm_automatic.o
 .debug_macro   0x00000000000155be       0x1c ./Core/Src/fsm_automatic.o
 .debug_macro   0x00000000000155da      0x1ef ./Core/Src/fsm_manual.o
 .debug_macro   0x00000000000157c9      0x1c9 ./Core/Src/input_reading.o
 .debug_macro   0x0000000000015992      0x1b7 ./Core/Src/led_7seg_display.o
 .debug_macro   0x0000000000015b49      0x21e ./Core/Src/main.o
 .debug_macro   0x0000000000015d67      0x1bb ./Core/Src/software_timer.o
 .debug_macro   0x0000000000015f22      0x1a7 ./Core/Src/stm32f1xx_hal_msp.o
 .debug_macro   0x00000000000160c9      0x1b1 ./Core/Src/stm32f1xx_it.o
 .debug_macro   0x000000000001627a      0x198 ./Core/Src/system_stm32f1xx.o
 .debug_macro   0x0000000000016412       0x25 ./Core/Src/traffic_light.o
 .debug_macro   0x0000000000016437      0x1bc ./Drivers/STM32F1xx_HAL_Driver/Src/stm32f1xx_hal.o
 .debug_macro   0x00000000000165f3      0x198 ./Drivers/STM32F1xx_HAL_Driver/Src/stm32f1xx_hal_cortex.o
 .debug_macro   0x000000000001678b      0x203 ./Drivers/STM32F1xx_HAL_Driver/Src/stm32f1xx_hal_gpio.o
 .debug_macro   0x000000000001698e      0x1aa ./Drivers/STM32F1xx_HAL_Driver/Src/stm32f1xx_hal_rcc.o
 .debug_macro   0x0000000000016b38      0x199 ./Drivers/STM32F1xx_HAL_Driver/Src/stm32f1xx_hal_tim.o
 .debug_macro   0x0000000000016cd1      0x198 ./Drivers/STM32F1xx_HAL_Driver/Src/stm32f1xx_hal_tim_ex.o

.debug_line     0x0000000000000000     0xbdf6
 .debug_line    0x0000000000000000      0x6e7 ./Core/Src/button.o
 .debug_line    0x00000000000006e7      0x739 ./Core/Src/fsm_automatic.o
 .debug_line    0x0000000000000e20      0x726 ./Core/Src/fsm_manual.o
 .debug_line    0x0000000000001546      0x6f9 ./Core/Src/input_reading.o
 .debug_line    0x0000000000001c3f      0x6db ./Core/Src/led_7seg_display.o
 .debug_line    0x000000000000231a      0x823 ./Core/Src/main.o
 .debug_line    0x0000000000002b3d      0x779 ./Core/Src/software_timer.o
 .debug_line    0x00000000000032b6      0x6a1 ./Core/Src/stm32f1xx_hal_msp.o
 .debug_line    0x0000000000003957      0x73f ./Core/Src/stm32f1xx_it.o
 .debug_line    0x0000000000004096      0x6e3 ./Core/Src/system_stm32f1xx.o
 .debug_line    0x0000000000004779       0xcb ./Core/Src/traffic_light.o
 .debug_line    0x0000000000004844       0x87 ./Core/Startup/startup_stm32f103c6ux.o
 .debug_line    0x00000000000048cb      0x910 ./Drivers/STM32F1xx_HAL_Driver/Src/stm32f1xx_hal.o
 .debug_line    0x00000000000051db      0xaf8 ./Drivers/STM32F1xx_HAL_Driver/Src/stm32f1xx_hal_cortex.o
 .debug_line    0x0000000000005cd3      0x991 ./Drivers/STM32F1xx_HAL_Driver/Src/stm32f1xx_hal_gpio.o
 .debug_line    0x0000000000006664      0xd1e ./Drivers/STM32F1xx_HAL_Driver/Src/stm32f1xx_hal_rcc.o
 .debug_line    0x0000000000007382     0x326e ./Drivers/STM32F1xx_HAL_Driver/Src/stm32f1xx_hal_tim.o
 .debug_line    0x000000000000a5f0     0x1806 ./Drivers/STM32F1xx_HAL_Driver/Src/stm32f1xx_hal_tim_ex.o

.debug_str      0x0000000000000000    0x8235b
 .debug_str     0x0000000000000000    0x7f5b3 ./Core/Src/button.o
                                      0x7f906 (size before relaxing)
 .debug_str     0x000000000007f5b3      0x161 ./Core/Src/fsm_automatic.o
                                      0x7f9d4 (size before relaxing)
 .debug_str     0x000000000007f714       0x40 ./Core/Src/fsm_manual.o
                                      0x7f9d2 (size before relaxing)
 .debug_str     0x000000000007f754      0x154 ./Core/Src/input_reading.o
                                      0x7f996 (size before relaxing)
 .debug_str     0x000000000007f8a8       0x4a ./Core/Src/led_7seg_display.o
                                      0x7f8a4 (size before relaxing)
 .debug_str     0x000000000007f8f2      0x6f8 ./Core/Src/main.o
                                      0x8016c (size before relaxing)
 .debug_str     0x000000000007ffea       0xed ./Core/Src/software_timer.o
                                      0x7f94f (size before relaxing)
 .debug_str     0x00000000000800d7      0x2ba ./Core/Src/stm32f1xx_hal_msp.o
                                      0x80020 (size before relaxing)
 .debug_str     0x0000000000080391       0xcd ./Core/Src/stm32f1xx_it.o
                                      0x7fd82 (size before relaxing)
 .debug_str     0x000000000008045e       0x52 ./Core/Src/system_stm32f1xx.o
                                      0x7f4e1 (size before relaxing)
 .debug_str     0x00000000000804b0       0x50 ./Core/Src/traffic_light.o
                                       0x2e0b (size before relaxing)
 .debug_str     0x0000000000080500       0x36 ./Core/Startup/startup_stm32f103c6ux.o
                                         0x4c (size before relaxing)
 .debug_str     0x0000000000080536      0x304 ./Drivers/STM32F1xx_HAL_Driver/Src/stm32f1xx_hal.o
                                      0x7fb38 (size before relaxing)
 .debug_str     0x000000000008083a      0x300 ./Drivers/STM32F1xx_HAL_Driver/Src/stm32f1xx_hal_cortex.o
                                      0x7fb40 (size before relaxing)
 .debug_str     0x0000000000080b3a      0x316 ./Drivers/STM32F1xx_HAL_Driver/Src/stm32f1xx_hal_gpio.o
                                      0x7f8a5 (size before relaxing)
 .debug_str     0x0000000000080e50      0x24f ./Drivers/STM32F1xx_HAL_Driver/Src/stm32f1xx_hal_rcc.o
                                      0x7f8de (size before relaxing)
 .debug_str     0x000000000008109f      0xdce ./Drivers/STM32F1xx_HAL_Driver/Src/stm32f1xx_hal_tim.o
                                      0x808b0 (size before relaxing)
 .debug_str     0x0000000000081e6d      0x4ee ./Drivers/STM32F1xx_HAL_Driver/Src/stm32f1xx_hal_tim_ex.o
                                      0x80061 (size before relaxing)

.comment        0x0000000000000000       0x53
 .comment       0x0000000000000000       0x53 ./Core/Src/button.o
                                         0x54 (size before relaxing)
 .comment       0x0000000000000053       0x54 ./Core/Src/fsm_automatic.o
 .comment       0x0000000000000053       0x54 ./Core/Src/fsm_manual.o
 .comment       0x0000000000000053       0x54 ./Core/Src/input_reading.o
 .comment       0x0000000000000053       0x54 ./Core/Src/led_7seg_display.o
 .comment       0x0000000000000053       0x54 ./Core/Src/main.o
 .comment       0x0000000000000053       0x54 ./Core/Src/software_timer.o
 .comment       0x0000000000000053       0x54 ./Core/Src/stm32f1xx_hal_msp.o
 .comment       0x0000000000000053       0x54 ./Core/Src/stm32f1xx_it.o
 .comment       0x0000000000000053       0x54 ./Core/Src/system_stm32f1xx.o
 .comment       0x0000000000000053       0x54 ./Core/Src/traffic_light.o
 .comment       0x0000000000000053       0x54 ./Drivers/STM32F1xx_HAL_Driver/Src/stm32f1xx_hal.o
 .comment       0x0000000000000053       0x54 ./Drivers/STM32F1xx_HAL_Driver/Src/stm32f1xx_hal_cortex.o
 .comment       0x0000000000000053       0x54 ./Drivers/STM32F1xx_HAL_Driver/Src/stm32f1xx_hal_gpio.o
 .comment       0x0000000000000053       0x54 ./Drivers/STM32F1xx_HAL_Driver/Src/stm32f1xx_hal_rcc.o
 .comment       0x0000000000000053       0x54 ./Drivers/STM32F1xx_HAL_Driver/Src/stm32f1xx_hal_tim.o
 .comment       0x0000000000000053       0x54 ./Drivers/STM32F1xx_HAL_Driver/Src/stm32f1xx_hal_tim_ex.o

.debug_frame    0x0000000000000000     0x2968
 .debug_frame   0x0000000000000000       0x6c ./Core/Src/button.o
 .debug_frame   0x000000000000006c       0x50 ./Core/Src/fsm_automatic.o
 .debug_frame   0x00000000000000bc       0x2c ./Core/Src/fsm_manual.o
 .debug_frame   0x00000000000000e8       0x84 ./Core/Src/input_reading.o
 .debug_frame   0x000000000000016c       0x80 ./Core/Src/led_7seg_display.o
 .debug_frame   0x00000000000001ec       0xd4 ./Core/Src/main.o
 .debug_frame   0x00000000000002c0      0x130 ./Core/Src/software_timer.o
 .debug_frame   0x00000000000003f0       0x80 ./Core/Src/stm32f1xx_hal_msp.o
 .debug_frame   0x0000000000000470      0x120 ./Core/Src/stm32f1xx_it.o
 .debug_frame   0x0000000000000590       0x58 ./Core/Src/system_stm32f1xx.o
 .debug_frame   0x00000000000005e8       0x80 ./Core/Src/traffic_light.o
 .debug_frame   0x0000000000000668      0x334 ./Drivers/STM32F1xx_HAL_Driver/Src/stm32f1xx_hal.o
 .debug_frame   0x000000000000099c      0x428 ./Drivers/STM32F1xx_HAL_Driver/Src/stm32f1xx_hal_cortex.o
 .debug_frame   0x0000000000000dc4      0x14c ./Drivers/STM32F1xx_HAL_Driver/Src/stm32f1xx_hal_gpio.o
 .debug_frame   0x0000000000000f10      0x21c ./Drivers/STM32F1xx_HAL_Driver/Src/stm32f1xx_hal_rcc.o
 .debug_frame   0x000000000000112c     0x11b8 ./Drivers/STM32F1xx_HAL_Driver/Src/stm32f1xx_hal_tim.o
 .debug_frame   0x00000000000022e4      0x638 ./Drivers/STM32F1xx_HAL_Driver/Src/stm32f1xx_hal_tim_ex.o
 .debug_frame   0x000000000000291c       0x2c d:/st/stm32cubeide_1.7.0/stm32cubeide/plugins/com.st.stm32cube.ide.mcu.externaltools.gnu-tools-for-stm32.9-2020-q2-update.win32_2.0.0.202105311346/tools/bin/../lib/gcc/arm-none-eabi/9.3.1/../../../../arm-none-eabi/lib/thumb/v7-m/nofp\libc_nano.a(lib_a-init.o)
 .debug_frame   0x0000000000002948       0x20 d:/st/stm32cubeide_1.7.0/stm32cubeide/plugins/com.st.stm32cube.ide.mcu.externaltools.gnu-tools-for-stm32.9-2020-q2-update.win32_2.0.0.202105311346/tools/bin/../lib/gcc/arm-none-eabi/9.3.1/../../../../arm-none-eabi/lib/thumb/v7-m/nofp\libc_nano.a(lib_a-memset.o)
